RAM Allocation [bytes]
Variable                                                                          Address   Size
------------------------------------------------------------------------------------------------
_base_y                                                                           0x0260       4
_lcd_maxx                                                                         0x0264       1

EEPROM Allocation [bytes]
Variable                                                                          Address   Size
------------------------------------------------------------------------------------------------

Register Allocation
Variable                                                                          Register  Size
------------------------------------------------------------------------------------------------
globalTimer                                                                       R4,R5        2
second                                                                            R6,R7        2
currentFloor                                                                      R8,R9        2
target                                                                            R10,R11      2
locked                                                                            R2.0      1bit
firstIter                                                                         R2.1      1bit
DCMotorsMove                                                                      R2.2      1bit
clockWise                                                                         R2.3      1bit
_lcd_x                                                                            R13          1
_lcd_y                                                                            R12          1

FLASH Allocation [words]
Function                                                                          Address   Size
------------------------------------------------------------------------------------------------
timer0_ovf_isr                                                                    0x00091     35
reset_timer                                                                       0x000B4      9
servo_position                                                                    0x000BD     19
process_servo_motors                                                              0x000D0      8
process_input                                                                     0x000D8     50
process_floors                                                                    0x0010A     10
DC_motor                                                                          0x00114      8
process_dc_motors                                                                 0x0011C     25
LCD_controller                                                                    0x00135     80
main                                                                              0x00185     88
put_buff_G100                                                                     0x001DD     64
_print_G100                                                                       0x0021D    308
sprintf                                                                           0x00351     52
_lcd_write_nibble_G101                                                            0x00385     20
_lcd_write_data                                                                   0x00399     12
lcd_gotoxy                                                                        0x003A5     13
lcd_clear                                                                         0x003B2     12
lcd_putchar                                                                       0x003BE     23
lcd_puts                                                                          0x003D5     17
lcd_init                                                                          0x003E6     47
strlen                                                                            0x00415     12
strlenf                                                                           0x00421     13
